2026-04-29 12:16:30.934 [75a7a056] c.o.s.s.logging.aspect.LoggingAspect - ==> LoanController#getSystemStatus 실행 시작 - 매개변수: []
2026-04-29 12:16:30.934 [75a7a056] c.o.s.s.logging.aspect.LoggingAspect - <== LoanController#getSystemStatus 실행 완료 - 반환값: <200 OK OK,{status=HEALTHY, message=대출 시스템이 정상적으로 동작 중입니다., timestamp=2026-04-29T12:16:30.934908500},[]>
2026-04-29 12:20:26.680 [93e419e6] c.o.s.s.logging.aspect.LoggingAspect - ==> LoanController#getSystemStatus 실행 시작 - 매개변수: []
2026-04-29 12:20:26.680 [93e419e6] c.o.s.s.logging.aspect.LoggingAspect - <== LoanController#getSystemStatus 실행 완료 - 반환값: <200 OK OK,{status=HEALTHY, message=대출 시스템이 정상적으로 동작 중입니다., timestamp=2026-04-29T12:20:26.680146400},[]>
2026-04-29 12:20:26.866 [58c62e53] c.o.s.s.logging.aspect.LoggingAspect - ==> LoanController#createLoan 실행 시작 - 매개변수: [1, 1]
2026-04-29 12:20:26.866 [58c62e53] c.o.s.s.logging.aspect.LoggingAspect - 비즈니스 이벤트 시작 - 작업: createLoan, 매개변수: [1, 1]
2026-04-29 12:20:26.867 [58c62e53] c.o.s.s.logging.aspect.LoggingAspect - ==> LoanService#createLoan 실행 시작 - 매개변수: [1, 1]
2026-04-29 12:20:26.886 [58c62e53] c.o.s.s.logging.aspect.LoggingAspect - <== LoanService#createLoan 실행 완료 - 반환값: LoanDTO{loanId=1, memberId=1, memberName='김도서', bookId=1, bookTitle='Spring Boot 완벽 가이드', bookIsbn='9781234567890', loanDate=2026-04-29T12:20:26.884176500, dueDate=2026-05-13T12:20:26.884176500, returnDate=null, status=ACTIVE, overdueDays=0, fineAmount=0}
2026-04-29 12:20:26.888 [58c62e53] c.o.s.s.logging.aspect.LoggingAspect - LoanService#createLoan 실행 시간: 21ms
2026-04-29 12:20:26.888 [58c62e53] c.o.s.s.logging.aspect.LoggingAspect - 비즈니스 이벤트 성공 - 작업: createLoan, 결과: LoanDTO{loanId=1, memberId=1, memberName='김도서', bookId=1, bookTitle='Spring Boot 완벽 가이드', bookIsbn='9781234567890', loanDate=2026-04-29T12:20:26.884176500, dueDate=2026-05-13T12:20:26.884176500, returnDate=null, status=ACTIVE, overdueDays=0, fineAmount=0}
2026-04-29 12:20:26.890 [58c62e53] c.o.s.s.logging.aspect.LoggingAspect - <== LoanController#createLoan 실행 완료 - 반환값: <201 CREATED Created,LoanDTO{loanId=1, memberId=1, memberName='김도서', bookId=1, bookTitle='Spring Boot 완벽 가이드', bookIsbn='9781234567890', loanDate=2026-04-29T12:20:26.884176500, dueDate=2026-05-13T12:20:26.884176500, returnDate=null, status=ACTIVE, overdueDays=0, fineAmount=0},[]>
2026-04-29 12:20:26.916 [84924512] c.o.s.s.logging.aspect.LoggingAspect - ==> LoanController#createLoan 실행 시작 - 매개변수: [1, 2]
2026-04-29 12:20:26.916 [84924512] c.o.s.s.logging.aspect.LoggingAspect - 비즈니스 이벤트 시작 - 작업: createLoan, 매개변수: [1, 2]
2026-04-29 12:20:26.916 [84924512] c.o.s.s.logging.aspect.LoggingAspect - ==> LoanService#createLoan 실행 시작 - 매개변수: [1, 2]
2026-04-29 12:20:26.931 [84924512] c.o.s.s.logging.aspect.LoggingAspect - <== LoanService#createLoan 실행 완료 - 반환값: LoanDTO{loanId=2, memberId=1, memberName='김도서', bookId=2, bookTitle='Java 프로그래밍 입문', bookIsbn='9780987654321', loanDate=2026-04-29T12:20:26.920696400, dueDate=2026-05-13T12:20:26.920696400, returnDate=null, status=ACTIVE, overdueDays=0, fineAmount=0}
2026-04-29 12:20:26.931 [84924512] c.o.s.s.logging.aspect.LoggingAspect - LoanService#createLoan 실행 시간: 15ms
2026-04-29 12:20:26.931 [84924512] c.o.s.s.logging.aspect.LoggingAspect - 비즈니스 이벤트 성공 - 작업: createLoan, 결과: LoanDTO{loanId=2, memberId=1, memberName='김도서', bookId=2, bookTitle='Java 프로그래밍 입문', bookIsbn='9780987654321', loanDate=2026-04-29T12:20:26.920696400, dueDate=2026-05-13T12:20:26.920696400, returnDate=null, status=ACTIVE, overdueDays=0, fineAmount=0}
2026-04-29 12:20:26.932 [84924512] c.o.s.s.logging.aspect.LoggingAspect - <== LoanController#createLoan 실행 완료 - 반환값: <201 CREATED Created,LoanDTO{loanId=2, memberId=1, memberName='김도서', bookId=2, bookTitle='Java 프로그래밍 입문', bookIsbn='9780987654321', loanDate=2026-04-29T12:20:26.920696400, dueDate=2026-05-13T12:20:26.920696400, returnDate=null, status=ACTIVE, overdueDays=0, fineAmount=0},[]>
2026-04-29 12:20:26.952 [7c847a6d] c.o.s.s.logging.aspect.LoggingAspect - ==> LoanController#getLoansByMember 실행 시작 - 매개변수: [1]
2026-04-29 12:20:26.952 [7c847a6d] c.o.s.s.logging.aspect.LoggingAspect - ==> LoanService#findLoansByMember 실행 시작 - 매개변수: [1]
2026-04-29 12:20:26.964 [7c847a6d] c.o.s.s.logging.aspect.LoggingAspect - <== LoanService#findLoansByMember 실행 완료 - 반환값: [LoanDTO{loanId=1, memberId=1, memberName='김도서', bookId=1, bookTitle='Spring Boot 완벽 가이드', bookIsbn='9781234567890', loanDate=2026-04-29T12:20:26.884177, dueDate=2026-05-13T12:20:26.884177, returnDate=null, status=ACTIVE, overdueDays=0, fineAmount=0}, LoanDTO{loanId=2, memberId=1, memberName='김도서', bookId=2, bookTitle='Java 프로그래밍 입문', bookIsbn='9780987654321', loanDate=2026-04-29T12:20:26.920696, dueDate=2026-05-13T12:20:26.920696, returnDate=null, status=ACTIVE, overdueDays=0, fineAmount=0}]
2026-04-29 12:20:26.964 [7c847a6d] c.o.s.s.logging.aspect.LoggingAspect - LoanService#findLoansByMember 실행 시간: 12ms
2026-04-29 12:20:26.964 [7c847a6d] c.o.s.s.logging.aspect.LoggingAspect - <== LoanController#getLoansByMember 실행 완료 - 반환값: <200 OK OK,[LoanDTO{loanId=1, memberId=1, memberName='김도서', bookId=1, bookTitle='Spring Boot 완벽 가이드', bookIsbn='9781234567890', loanDate=2026-04-29T12:20:26.884177, dueDate=2026-05-13T12:20:26.884177, returnDate=null, status=ACTIVE, overdueDays=0, fineAmount=0}, LoanDTO{loanId=2, memberId=1, memberName='김도서', bookId=2, bookTitle='Java 프로그래밍 입문', bookIsbn='9780987654321', loanDate=2026-04-29T12:20:26.920696, dueDate=2026-05-13T12:20:26.920696, returnDate=null, status=ACTIVE, overdueDays=0, fineAmount=0}],[]>
2026-04-29 12:20:26.989 [5596669d] c.o.s.s.logging.aspect.LoggingAspect - ==> LoanController#extendLoan 실행 시작 - 매개변수: [1, 7]
2026-04-29 12:20:26.989 [5596669d] c.o.s.s.logging.aspect.LoggingAspect - 비즈니스 이벤트 시작 - 작업: extendLoan, 매개변수: [1, 7]
2026-04-29 12:20:26.990 [5596669d] c.o.s.s.logging.aspect.LoggingAspect - ==> LoanService#extendLoan 실행 시작 - 매개변수: [1, 7]
2026-04-29 12:20:26.993 [5596669d] c.o.s.s.logging.aspect.LoggingAspect - <== LoanService#extendLoan 실행 완료 - 반환값: LoanDTO{loanId=1, memberId=1, memberName='김도서', bookId=1, bookTitle='Spring Boot 완벽 가이드', bookIsbn='9781234567890', loanDate=2026-04-29T12:20:26.884177, dueDate=2026-05-20T12:20:26.884177, returnDate=null, status=ACTIVE, overdueDays=0, fineAmount=0}
2026-04-29 12:20:26.993 [5596669d] c.o.s.s.logging.aspect.LoggingAspect - LoanService#extendLoan 실행 시간: 3ms
2026-04-29 12:20:26.993 [5596669d] c.o.s.s.logging.aspect.LoggingAspect - 비즈니스 이벤트 성공 - 작업: extendLoan, 결과: LoanDTO{loanId=1, memberId=1, memberName='김도서', bookId=1, bookTitle='Spring Boot 완벽 가이드', bookIsbn='9781234567890', loanDate=2026-04-29T12:20:26.884177, dueDate=2026-05-20T12:20:26.884177, returnDate=null, status=ACTIVE, overdueDays=0, fineAmount=0}
2026-04-29 12:20:26.994 [5596669d] c.o.s.s.logging.aspect.LoggingAspect - <== LoanController#extendLoan 실행 완료 - 반환값: <200 OK OK,LoanDTO{loanId=1, memberId=1, memberName='김도서', bookId=1, bookTitle='Spring Boot 완벽 가이드', bookIsbn='9781234567890', loanDate=2026-04-29T12:20:26.884177, dueDate=2026-05-20T12:20:26.884177, returnDate=null, status=ACTIVE, overdueDays=0, fineAmount=0},[]>
2026-04-29 12:20:27.013 [ef93f0ca] c.o.s.s.logging.aspect.LoggingAspect - ==> LoanController#returnBook 실행 시작 - 매개변수: [1]
2026-04-29 12:20:27.014 [ef93f0ca] c.o.s.s.logging.aspect.LoggingAspect - 비즈니스 이벤트 시작 - 작업: returnBook, 매개변수: [1]
2026-04-29 12:20:27.014 [ef93f0ca] c.o.s.s.logging.aspect.LoggingAspect - ==> LoanService#returnBook 실행 시작 - 매개변수: [1]
2026-04-29 12:20:27.016 [ef93f0ca] c.o.s.s.logging.aspect.LoggingAspect - <== LoanService#returnBook 실행 완료 - 반환값: LoanDTO{loanId=1, memberId=1, memberName='김도서', bookId=1, bookTitle='Spring Boot 완벽 가이드', bookIsbn='9781234567890', loanDate=2026-04-29T12:20:26.884177, dueDate=2026-05-20T12:20:26.884177, returnDate=2026-04-29T12:20:27.015617400, status=RETURNED, overdueDays=0, fineAmount=0}
2026-04-29 12:20:27.016 [ef93f0ca] c.o.s.s.logging.aspect.LoggingAspect - LoanService#returnBook 실행 시간: 2ms
2026-04-29 12:20:27.016 [ef93f0ca] c.o.s.s.logging.aspect.LoggingAspect - 비즈니스 이벤트 성공 - 작업: returnBook, 결과: LoanDTO{loanId=1, memberId=1, memberName='김도서', bookId=1, bookTitle='Spring Boot 완벽 가이드', bookIsbn='9781234567890', loanDate=2026-04-29T12:20:26.884177, dueDate=2026-05-20T12:20:26.884177, returnDate=2026-04-29T12:20:27.015617400, status=RETURNED, overdueDays=0, fineAmount=0}
2026-04-29 12:20:27.018 [ef93f0ca] c.o.s.s.logging.aspect.LoggingAspect - <== LoanController#returnBook 실행 완료 - 반환값: <200 OK OK,LoanDTO{loanId=1, memberId=1, memberName='김도서', bookId=1, bookTitle='Spring Boot 완벽 가이드', bookIsbn='9781234567890', loanDate=2026-04-29T12:20:26.884177, dueDate=2026-05-20T12:20:26.884177, returnDate=2026-04-29T12:20:27.015617400, status=RETURNED, overdueDays=0, fineAmount=0},[]>
2026-04-29 12:20:27.035 [047e257f] c.o.s.s.logging.aspect.LoggingAspect - ==> LoanController#getOverdueLoans 실행 시작 - 매개변수: []
2026-04-29 12:20:27.036 [047e257f] c.o.s.s.logging.aspect.LoggingAspect - ==> LoanService#findOverdueLoans 실행 시작 - 매개변수: []
2026-04-29 12:20:27.039 [047e257f] c.o.s.s.logging.aspect.LoggingAspect - <== LoanService#findOverdueLoans 실행 완료 - 반환값: []
2026-04-29 12:20:27.039 [047e257f] c.o.s.s.logging.aspect.LoggingAspect - LoanService#findOverdueLoans 실행 시간: 3ms
2026-04-29 12:20:27.039 [047e257f] c.o.s.s.logging.aspect.LoggingAspect - <== LoanController#getOverdueLoans 실행 완료 - 반환값: <200 OK OK,[],[]>
2026-04-29 12:20:27.060 [2131c0b6] c.o.s.s.logging.aspect.LoggingAspect - ==> LoanController#processOverdueLoans 실행 시작 - 매개변수: []
2026-04-29 12:20:27.061 [2131c0b6] c.o.s.s.logging.aspect.LoggingAspect - ==> LoanService#processOverdueLoans 실행 시작 - 매개변수: []
2026-04-29 12:20:27.062 [2131c0b6] c.o.s.s.logging.aspect.LoggingAspect - <== LoanService#processOverdueLoans 실행 완료 - 반환값: 0
2026-04-29 12:20:27.062 [2131c0b6] c.o.s.s.logging.aspect.LoggingAspect - LoanService#processOverdueLoans 실행 시간: 1ms
2026-04-29 12:20:27.062 [2131c0b6] c.o.s.s.logging.aspect.LoggingAspect - <== LoanController#processOverdueLoans 실행 완료 - 반환값: <200 OK OK,{processedCount=0, message=연체 대출 일괄 처리가 완료되었습니다.},[]>
2026-04-29 12:20:27.086 [cbe8d7b9] c.o.s.s.logging.aspect.LoggingAspect - ==> LoanController#testLogging 실행 시작 - 매개변수: [debug, 디버그 로그 테스트입니다]
2026-04-29 12:20:27.086 [cbe8d7b9] c.o.s.s.logging.aspect.LoggingAspect - <== LoanController#testLogging 실행 완료 - 반환값: <200 OK OK,{result=로깅 테스트가 완료되었습니다., level=debug, message=디버그 로그 테스트입니다},[]>
2026-04-29 12:20:27.122 [85117de4] c.o.s.s.logging.aspect.LoggingAspect - ==> LoanController#testLogging 실행 시작 - 매개변수: [info, 정보 로그 테스트입니다]
2026-04-29 12:20:27.123 [85117de4] c.o.s.s.logging.aspect.LoggingAspect - <== LoanController#testLogging 실행 완료 - 반환값: <200 OK OK,{result=로깅 테스트가 완료되었습니다., level=info, message=정보 로그 테스트입니다},[]>
2026-04-29 12:20:27.143 [af884b38] c.o.s.s.logging.aspect.LoggingAspect - ==> LoanController#testLogging 실행 시작 - 매개변수: [warn, 경고 로그 테스트입니다]
2026-04-29 12:20:27.143 [af884b38] c.o.s.s.logging.aspect.LoggingAspect - <== LoanController#testLogging 실행 완료 - 반환값: <200 OK OK,{result=로깅 테스트가 완료되었습니다., level=warn, message=경고 로그 테스트입니다},[]>
2026-04-29 12:20:27.164 [8255686f] c.o.s.s.logging.aspect.LoggingAspect - ==> LoanController#testLogging 실행 시작 - 매개변수: [error, 에러 로그 테스트입니다]
2026-04-29 12:20:27.164 [8255686f] c.o.s.s.logging.aspect.LoggingAspect - <== LoanController#testLogging 실행 완료 - 반환값: <200 OK OK,{result=로깅 테스트가 완료되었습니다., level=error, message=에러 로그 테스트입니다},[]>
2026-04-29 12:20:27.182 [de472bfa] c.o.s.s.logging.aspect.LoggingAspect - ==> LoanController#createLoan 실행 시작 - 매개변수: [999, 1]
2026-04-29 12:20:27.183 [de472bfa] c.o.s.s.logging.aspect.LoggingAspect - 비즈니스 이벤트 시작 - 작업: createLoan, 매개변수: [999, 1]
2026-04-29 12:20:27.183 [de472bfa] c.o.s.s.logging.aspect.LoggingAspect - ==> LoanService#createLoan 실행 시작 - 매개변수: [999, 1]
2026-04-29 12:20:27.184 [de472bfa] c.o.s.s.logging.aspect.LoggingAspect - !!! LoanService#createLoan 실행 중 예외 발생 - 예외: IllegalArgumentException, 메시지: 존재하지 않는 회원입니다: 999
2026-04-29 12:20:27.184 [de472bfa] c.o.s.s.logging.aspect.LoggingAspect - LoanService#createLoan 실행 실패 - 실행 시간: 1ms, 예외: 존재하지 않는 회원입니다: 999
2026-04-29 12:20:27.184 [de472bfa] c.o.s.s.logging.aspect.LoggingAspect - 비즈니스 이벤트 실패 - 작업: createLoan, 예외: IllegalArgumentException, 메시지: 존재하지 않는 회원입니다: 999
2026-04-29 12:20:27.184 [de472bfa] c.o.s.s.logging.aspect.LoggingAspect - !!! LoanController#createLoan 실행 중 예외 발생 - 예외: IllegalArgumentException, 메시지: 존재하지 않는 회원입니다: 999
2026-04-29 12:20:27.204 [5ab3a14d] c.o.s.s.logging.aspect.LoggingAspect - ==> LoanController#createLoan 실행 시작 - 매개변수: [1, 999]
2026-04-29 12:20:27.204 [5ab3a14d] c.o.s.s.logging.aspect.LoggingAspect - 비즈니스 이벤트 시작 - 작업: createLoan, 매개변수: [1, 999]
2026-04-29 12:20:27.205 [5ab3a14d] c.o.s.s.logging.aspect.LoggingAspect - ==> LoanService#createLoan 실행 시작 - 매개변수: [1, 999]
2026-04-29 12:20:27.207 [5ab3a14d] c.o.s.s.logging.aspect.LoggingAspect - !!! LoanService#createLoan 실행 중 예외 발생 - 예외: BookNotFoundException, 메시지: 해당 ID의 도서를 찾을 수 없습니다: 999
2026-04-29 12:20:27.207 [5ab3a14d] c.o.s.s.logging.aspect.LoggingAspect - LoanService#createLoan 실행 실패 - 실행 시간: 2ms, 예외: 해당 ID의 도서를 찾을 수 없습니다: 999
2026-04-29 12:20:27.207 [5ab3a14d] c.o.s.s.logging.aspect.LoggingAspect - 비즈니스 이벤트 실패 - 작업: createLoan, 예외: BookNotFoundException, 메시지: 해당 ID의 도서를 찾을 수 없습니다: 999
2026-04-29 12:20:27.208 [5ab3a14d] c.o.s.s.logging.aspect.LoggingAspect - !!! LoanController#createLoan 실행 중 예외 발생 - 예외: BookNotFoundException, 메시지: 해당 ID의 도서를 찾을 수 없습니다: 999
2026-04-29 12:20:27.225 [2021d47c] c.o.s.s.logging.aspect.LoggingAspect - ==> LoanController#returnBook 실행 시작 - 매개변수: [1]
2026-04-29 12:20:27.225 [2021d47c] c.o.s.s.logging.aspect.LoggingAspect - 비즈니스 이벤트 시작 - 작업: returnBook, 매개변수: [1]
2026-04-29 12:20:27.225 [2021d47c] c.o.s.s.logging.aspect.LoggingAspect - ==> LoanService#returnBook 실행 시작 - 매개변수: [1]
2026-04-29 12:20:27.227 [2021d47c] c.o.s.s.logging.aspect.LoggingAspect - !!! LoanService#returnBook 실행 중 예외 발생 - 예외: IllegalArgumentException, 메시지: 이미 반납된 도서입니다: 1
2026-04-29 12:20:27.227 [2021d47c] c.o.s.s.logging.aspect.LoggingAspect - LoanService#returnBook 실행 실패 - 실행 시간: 2ms, 예외: 이미 반납된 도서입니다: 1
2026-04-29 12:20:27.227 [2021d47c] c.o.s.s.logging.aspect.LoggingAspect - 비즈니스 이벤트 실패 - 작업: returnBook, 예외: IllegalArgumentException, 메시지: 이미 반납된 도서입니다: 1
2026-04-29 12:20:27.227 [2021d47c] c.o.s.s.logging.aspect.LoggingAspect - !!! LoanController#returnBook 실행 중 예외 발생 - 예외: IllegalArgumentException, 메시지: 이미 반납된 도서입니다: 1
2026-04-29 12:20:27.257 [8ac27fd6] c.o.s.s.logging.aspect.LoggingAspect - ==> LoanController#extendLoan 실행 시작 - 매개변수: [2, 30]
2026-04-29 12:20:27.257 [8ac27fd6] c.o.s.s.logging.aspect.LoggingAspect - 비즈니스 이벤트 시작 - 작업: extendLoan, 매개변수: [2, 30]
2026-04-29 12:20:27.257 [8ac27fd6] c.o.s.s.logging.aspect.LoggingAspect - ==> LoanService#extendLoan 실행 시작 - 매개변수: [2, 30]
2026-04-29 12:20:27.259 [8ac27fd6] c.o.s.s.logging.aspect.LoggingAspect - !!! LoanService#extendLoan 실행 중 예외 발생 - 예외: IllegalArgumentException, 메시지: 연장 일수는 1일 이상 14일 이하여야 합니다: 30
2026-04-29 12:20:27.259 [8ac27fd6] c.o.s.s.logging.aspect.LoggingAspect - LoanService#extendLoan 실행 실패 - 실행 시간: 2ms, 예외: 연장 일수는 1일 이상 14일 이하여야 합니다: 30
2026-04-29 12:20:27.259 [8ac27fd6] c.o.s.s.logging.aspect.LoggingAspect - 비즈니스 이벤트 실패 - 작업: extendLoan, 예외: IllegalArgumentException, 메시지: 연장 일수는 1일 이상 14일 이하여야 합니다: 30
2026-04-29 12:20:27.259 [8ac27fd6] c.o.s.s.logging.aspect.LoggingAspect - !!! LoanController#extendLoan 실행 중 예외 발생 - 예외: IllegalArgumentException, 메시지: 연장 일수는 1일 이상 14일 이하여야 합니다: 30
2026-04-29 12:20:27.281 [2c4b3229] c.o.s.s.logging.aspect.LoggingAspect - ==> LoanController#getLoansByMember 실행 시작 - 매개변수: [1]
2026-04-29 12:20:27.281 [2c4b3229] c.o.s.s.logging.aspect.LoggingAspect - ==> LoanService#findLoansByMember 실행 시작 - 매개변수: [1]
2026-04-29 12:20:27.285 [2c4b3229] c.o.s.s.logging.aspect.LoggingAspect - <== LoanService#findLoansByMember 실행 완료 - 반환값: [LoanDTO{loanId=1, memberId=1, memberName='김도서', bookId=1, bookTitle='Spring Boot 완벽 가이드', bookIsbn='9781234567890', loanDate=2026-04-29T12:20:26.884177, dueDate=2026-05-20T12:20:26.884177, returnDate=2026-04-29T12:20:27.015617, status=RETURNED, overdueDays=0, fineAmount=0}, LoanDTO{loanId=2, memberId=1, memberName='김도서', bookId=2, bookTitle='Java 프로그래밍 입문', bookIsbn='9780987654321', loanDate=2026-04-29T12:20:26.920696, dueDate=2026-05-13T12:20:26.920696, returnDate=null, status=ACTIVE, overdueDays=0, fineAmount=0}]
2026-04-29 12:20:27.285 [2c4b3229] c.o.s.s.logging.aspect.LoggingAspect - LoanService#findLoansByMember 실행 시간: 4ms
2026-04-29 12:20:27.286 [2c4b3229] c.o.s.s.logging.aspect.LoggingAspect - <== LoanController#getLoansByMember 실행 완료 - 반환값: <200 OK OK,[LoanDTO{loanId=1, memberId=1, memberName='김도서', bookId=1, bookTitle='Spring Boot 완벽 가이드', bookIsbn='9781234567890', loanDate=2026-04-29T12:20:26.884177, dueDate=2026-05-20T12:20:26.884177, returnDate=2026-04-29T12:20:27.015617, status=RETURNED, overdueDays=0, fineAmount=0}, LoanDTO{loanId=2, memberId=1, memberName='김도서', bookId=2, bookTitle='Java 프로그래밍 입문', bookIsbn='9780987654321', loanDate=2026-04-29T12:20:26.920696, dueDate=2026-05-13T12:20:26.920696, returnDate=null, status=ACTIVE, overdueDays=0, fineAmount=0}],[]>
2026-04-29 12:20:27.343 [79d0f0e1] c.o.s.s.logging.aspect.LoggingAspect - ==> LoanController#getSystemStatus 실행 시작 - 매개변수: []
2026-04-29 12:20:27.343 [79d0f0e1] c.o.s.s.logging.aspect.LoggingAspect - <== LoanController#getSystemStatus 실행 완료 - 반환값: <200 OK OK,{status=HEALTHY, message=대출 시스템이 정상적으로 동작 중입니다., timestamp=2026-04-29T12:20:27.343189200},[]>
